PS C:\Users\choco\lesson> mkdir git_challenge


    ディレクトリ: C:\Users\choco\lesson


Mode                 LastWriteTime         Length Name
----                 -------------         ------ ----
d-----        2025/04/05      0:55                git_challenge


PS C:\Users\choco\lesson> cd git_challenge
PS C:\Users\choco\lesson\git_challenge> git init
Initialized empty Git repository in C:/Users/choco/lesson/git_challenge/.git/
PS C:\Users\choco\lesson\git_challenge> echo "Hello,world!" >> hello_world.txt
PS C:\Users\choco\lesson\git_challenge> git add hello_world.txt 
PS C:\Users\choco\lesson\git_challenge> git commit -m "hello_world.txtを追加"
[main (root-commit) f2ec722] hello_world.txtを追加
 1 file changed, 0 insertions(+), 0 deletions(-)
 create mode 100644 hello_world.txt
PS C:\Users\choco\lesson\git_challenge> Get-content hello_world.txt
Hello,world!
PS C:\Users\choco\lesson\git_challenge> echo "こんにちは、世界！" >> hello_world.txt
PS C:\Users\choco\lesson\git_challenge> Get-content hello_world.txt
Hello,world!
こんにちは、世界！
PS C:\Users\choco\lesson\git_challenge> git status
On branch main
Changes not staged for commit:
  (use "git add <file>..." to update what will be committed)
  (use "git restore <file>..." to discard changes in working directory)
        modified:   hello_world.txt

no changes added to commit (use "git add" and/or "git commit -a")
PS C:\Users\choco\lesson\git_challenge> git add hello_world.txt
PS C:\Users\choco\lesson\git_challenge> git commit -m "日本語訳を追記"
[main 78db939] 日本語訳を追記
 1 file changed, 0 insertions(+), 0 deletions(-)
PS C:\Users\choco\lesson\git_challenge> git log --oneline
78db939 (HEAD -> main) 日本語訳を追記
f2ec722 hello_world.txtを追加