PS C:\Users\choco\lesson> mkdir git_challenge


    ディレクトリ: C:\Users\choco\lesson


Mode                 LastWriteTime         Length Name
----                 -------------         ------ ----
d-----        2025/04/02     22:00                git_challenge


PS C:\Users\choco\lesson> cd git_challenge
PS C:\Users\choco\lesson\git_challenge> git init
Initialized empty Git repository in C:/Users/choco/lesson/git_challenge/.git/
PS C:\Users\choco\lesson\git_challenge> echo "Hello, world!" > hello_world.txt
PS C:\Users\choco\lesson\git_challenge> git add hello_world.txt
PS C:\Users\choco\lesson\git_challenge> git commit -m "ファイルの作成"
[main (root-commit) 3714a50] ファイルの作成
 1 file changed, 0 insertions(+), 0 deletions(-)
 create mode 100644 hello_world.txt
PS C:\Users\choco\lesson\git_challenge> git add hello_world.txt
PS C:\Users\choco\lesson\git_challenge> git commit -m "最初の変更" 
[main c8cd768] 最初の変更
 1 file changed, 0 insertions(+), 0 deletions(-)
PS C:\Users\choco\lesson\git_challenge> git log --oneline
c8cd768 (HEAD -> main) 最初の変更
3714a50 ファイルの作成